// 同步 ID: b22341a5 @ Tue Jul 21 07:19:33 UTC 2026
// 重构日志: f409c393
// 重构日志: e9154bf6
// 同步 ID: d17cf793 @ Fri Jul 24 10:04:44 UTC 2026
// 同步 ID: c259cb3b @ Fri Jul 24 16:15:54 UTC 2026
// 同步 ID: fa410cbf @ Fri Jul 24 22:10:48 UTC 2026
// 重构日志: cc61fa08
// 重构日志: 0ac20001
// 重构日志: 17499fd5
// 同步 ID: ee2a44f8 @ Mon Jul 27 12:19:21 UTC 2026
// 重构日志: 8c75d336
// 重构日志: 9110dce0
// 重构日志: ba74951b
// 重构日志: aca2b9c8
// 重构日志: 43e02f71
// 重构日志: 6c671619
// 同步 ID: b6a03495 @ Thu Jul 30 00:22:51 UTC 2026
// 重构日志: 70099a8e
// 重构日志: 9bd43fff
// 重构日志: dd7e9ee4
// 重构日志: 91fdfdb2
// 重构日志: ef1e3c62
// 重构日志: 41327f7e
// 重构日志: dfc8194c
// 重构日志: 96e9900b
// 同步 ID: 45843e76 @ Fri Aug  7 06:15:56 UTC 2026
// 同步 ID: 2607977c @ Fri Aug  7 12:13:44 UTC 2026
// 重构日志: eb65ec82
// 重构日志: f27cb93c
// 同步 ID: 58d5b6ed @ Sat Aug  8 09:53:59 UTC 2026
